// Jest Snapshot v1, https://goo.gl/fbAQLP

exports[`matches snapshot 1`] = `
<img
  className="sc-bdfBwQ bIsOIA h-6 w-auto"
/>
`;
