// Jest Snapshot v1, https://goo.gl/fbAQLP

exports[`matches snapshot 1`] = `
<button
  className="btn disabled:opacity-50 disabled:cursor-not-allowed"
  disabled={false}
  onClick={[Function]}
>
  Install MetaMask
</button>
`;
