// Jest Snapshot v1, https://goo.gl/fbAQLP

exports[`matches snapshot 1`] = `
<span
  className="inline-flex items-center px-2.5 py-1 rounded-md text-sm font-medium bg-gray-100 text-gray-800 undefined"
/>
`;
