// Jest Snapshot v1, https://goo.gl/fbAQLP

exports[`matches snapshot 1`] = `
<div>
  <h1
    className="text-sm uppercase font-medium text-gray-500 dark:text-gray-400"
  >
    Switch Networks
  </h1>
  <div
    className="mt-2 flex space-x-4"
  >
    <button
      className="btn"
      disabled={false}
      onClick={[Function]}
    >
      Avalanche
    </button>
    <button
      className="btn"
      disabled={false}
      onClick={[Function]}
    >
      Fuji Testnet
    </button>
  </div>
</div>
`;
