// Jest Snapshot v1, https://goo.gl/fbAQLP

exports[`matches snapshot 1`] = `
<div
  className="overflow-hidden"
>
  <div
    className="px-4 py-5 sm:p-6"
  >
    <p
      className="text-xl font-medium dark:text-white"
    >
      Coming Soon
    </p>
  </div>
</div>
`;
