// Jest Snapshot v1, https://goo.gl/fbAQLP

exports[`matches snapshot 1`] = `
<div>
  <h1
    className="text-sm uppercase font-medium text-gray-500 dark:text-gray-400"
  >
    Address
  </h1>
  <p
    className="mt-2 font-medium text-gray-900 dark:text-gray-200 overflow-hidden overflow-ellipsis"
  />
</div>
`;
