// Jest Snapshot v1, https://goo.gl/fbAQLP

exports[`matches snapshot 1`] = `
<div
  className="flex h-full"
>
  <section
    aria-labelledby="primary-heading"
    className="min-w-0 flex-1 h-full flex flex-col overflow-hidden lg:order-last"
  >
    <h1
      className="sr-only"
      id="primary-heading"
    >
      Map
    </h1>
    <div
      className="h-full w-full object-cover z-10"
    />
  </section>
  <aside
    className="h-full overflow-hidden hidden lg:block lg:flex-shrink-0 lg:order-first"
  >
    <nav
      aria-label="Sections"
      className="w-96 h-full bg-white dark:bg-gray-900 border-r border-gray-200 relative hidden lg:flex lg:flex-col"
    >
      <div
        className="flex-shrink-0 p-6 border-b border-gray-200 dark:border-gray-800 bg-white dark:bg-gray-900 flex items-center"
      >
        <p
          className="text-lg font-medium text-gray-900 dark:text-gray-100"
        >
          Collectibles
        </p>
      </div>
      <div
        className="min-h-0 overflow-y-auto flex-1"
      >
        <div
          className="bg-gray-100 dark:bg-gray-800 cursor-pointer flex p-4 border-b border-gray-200 dark:border-gray-800 items-center"
          onClick={[Function]}
          tabIndex="0"
        >
          <img
            alt="Cape Town"
            className="flex-shrink-0 -mt-0.5 h-14 w-14"
            src="https://images.unsplash.com/photo-1452838269443-c86e6a3134f9?ixid=MXwxMjA3fDB8MHxwaG90by1wYWdlfHx8fGVufDB8fHw%3D&ixlib=rb-1.2.1&auto=format&fit=crop&w=512&q=80"
          />
          <div
            className="ml-3 text-sm overflow-hidden"
          >
            <p
              className="text-base font-semibold text-gray-900 dark:text-gray-100 truncate"
            >
              Cape Town
            </p>
            <p
              className="mt-1 text-sm text-gray-600 dark:text-gray-300 truncate"
            >
              Capital City of South Africa.
            </p>
          </div>
        </div>
        <div
          className="hover:bg-gray-100 dark:hover:bg-gray-800 cursor-pointer flex p-4 border-b border-gray-200 dark:border-gray-800 items-center"
          onClick={[Function]}
          tabIndex="0"
        >
          <img
            alt="Bangkok"
            className="flex-shrink-0 -mt-0.5 h-14 w-14"
            src="https://images.unsplash.com/photo-1452838269443-c86e6a3134f9?ixid=MXwxMjA3fDB8MHxwaG90by1wYWdlfHx8fGVufDB8fHw%3D&ixlib=rb-1.2.1&auto=format&fit=crop&w=512&q=80"
          />
          <div
            className="ml-3 text-sm overflow-hidden"
          >
            <p
              className="text-base font-semibold text-gray-900 dark:text-gray-100 truncate"
            >
              Bangkok
            </p>
            <p
              className="mt-1 text-sm text-gray-600 dark:text-gray-300 truncate"
            >
              Capital City of Thailand.
            </p>
          </div>
        </div>
        <div
          className="hover:bg-gray-100 dark:hover:bg-gray-800 cursor-pointer flex p-4 border-b border-gray-200 dark:border-gray-800 items-center"
          onClick={[Function]}
          tabIndex="0"
        >
          <img
            alt="Jakarta"
            className="flex-shrink-0 -mt-0.5 h-14 w-14"
            src="https://images.unsplash.com/photo-1452838269443-c86e6a3134f9?ixid=MXwxMjA3fDB8MHxwaG90by1wYWdlfHx8fGVufDB8fHw%3D&ixlib=rb-1.2.1&auto=format&fit=crop&w=512&q=80"
          />
          <div
            className="ml-3 text-sm overflow-hidden"
          >
            <p
              className="text-base font-semibold text-gray-900 dark:text-gray-100 truncate"
            >
              Jakarta
            </p>
            <p
              className="mt-1 text-sm text-gray-600 dark:text-gray-300 truncate"
            >
              Capital City of Indonesia.
            </p>
          </div>
        </div>
        <div
          className="hover:bg-gray-100 dark:hover:bg-gray-800 cursor-pointer flex p-4 border-b border-gray-200 dark:border-gray-800 items-center"
          onClick={[Function]}
          tabIndex="0"
        >
          <img
            alt="Guatemala City"
            className="flex-shrink-0 -mt-0.5 h-14 w-14"
            src="https://images.unsplash.com/photo-1452838269443-c86e6a3134f9?ixid=MXwxMjA3fDB8MHxwaG90by1wYWdlfHx8fGVufDB8fHw%3D&ixlib=rb-1.2.1&auto=format&fit=crop&w=512&q=80"
          />
          <div
            className="ml-3 text-sm overflow-hidden"
          >
            <p
              className="text-base font-semibold text-gray-900 dark:text-gray-100 truncate"
            >
              Guatemala City
            </p>
            <p
              className="mt-1 text-sm text-gray-600 dark:text-gray-300 truncate"
            >
              Capital City of Guatemala.
            </p>
          </div>
        </div>
        <div
          className="hover:bg-gray-100 dark:hover:bg-gray-800 cursor-pointer flex p-4 border-b border-gray-200 dark:border-gray-800 items-center"
          onClick={[Function]}
          tabIndex="0"
        >
          <img
            alt="Jamestown"
            className="flex-shrink-0 -mt-0.5 h-14 w-14"
            src="https://images.unsplash.com/photo-1452838269443-c86e6a3134f9?ixid=MXwxMjA3fDB8MHxwaG90by1wYWdlfHx8fGVufDB8fHw%3D&ixlib=rb-1.2.1&auto=format&fit=crop&w=512&q=80"
          />
          <div
            className="ml-3 text-sm overflow-hidden"
          >
            <p
              className="text-base font-semibold text-gray-900 dark:text-gray-100 truncate"
            >
              Jamestown
            </p>
            <p
              className="mt-1 text-sm text-gray-600 dark:text-gray-300 truncate"
            >
              Capital City of Saint Helena.
            </p>
          </div>
        </div>
        <div
          className="hover:bg-gray-100 dark:hover:bg-gray-800 cursor-pointer flex p-4 border-b border-gray-200 dark:border-gray-800 items-center"
          onClick={[Function]}
          tabIndex="0"
        >
          <img
            alt="Afghanistan"
            className="flex-shrink-0 -mt-0.5 h-14 w-14"
            src="https://gateway.pinata.cloud/ipfs/QmQBSaJvXv3SfYMpEEyVzhtUCquhTFxvo5F7gvhLRGvMuB"
          />
          <div
            className="ml-3 text-sm overflow-hidden"
          >
            <p
              className="text-base font-semibold text-gray-900 dark:text-gray-100 truncate"
            >
              Afghanistan
            </p>
            <p
              className="mt-1 text-sm text-gray-600 dark:text-gray-300 truncate"
            >
              Here is an NFT description 1.
            </p>
          </div>
        </div>
        <div
          className="hover:bg-gray-100 dark:hover:bg-gray-800 cursor-pointer flex p-4 border-b border-gray-200 dark:border-gray-800 items-center"
          onClick={[Function]}
          tabIndex="0"
        >
          <img
            alt="Afghanistan"
            className="flex-shrink-0 -mt-0.5 h-14 w-14"
            src="https://gateway.pinata.cloud/ipfs/QmWbUonVdzNyCMqAdFC2URpc9GXV5NwdeHbitxDcRzydfY"
          />
          <div
            className="ml-3 text-sm overflow-hidden"
          >
            <p
              className="text-base font-semibold text-gray-900 dark:text-gray-100 truncate"
            >
              Afghanistan
            </p>
            <p
              className="mt-1 text-sm text-gray-600 dark:text-gray-300 truncate"
            >
              Here is an NFT description 2.
            </p>
          </div>
        </div>
        <div
          className="hover:bg-gray-100 dark:hover:bg-gray-800 cursor-pointer flex p-4 border-b border-gray-200 dark:border-gray-800 items-center"
          onClick={[Function]}
          tabIndex="0"
        >
          <img
            alt="Afghanistan"
            className="flex-shrink-0 -mt-0.5 h-14 w-14"
            src="https://gateway.pinata.cloud/ipfs/QmaLAahk2f1Qyvtz171thg85ArETnXyZm47fyepNvy9bnP"
          />
          <div
            className="ml-3 text-sm overflow-hidden"
          >
            <p
              className="text-base font-semibold text-gray-900 dark:text-gray-100 truncate"
            >
              Afghanistan
            </p>
            <p
              className="mt-1 text-sm text-gray-600 dark:text-gray-300 truncate"
            >
              Here is an NFT description 3.
            </p>
          </div>
        </div>
        <div
          className="hover:bg-gray-100 dark:hover:bg-gray-800 cursor-pointer flex p-4 border-b border-gray-200 dark:border-gray-800 items-center"
          onClick={[Function]}
          tabIndex="0"
        >
          <img
            alt="Andorra"
            className="flex-shrink-0 -mt-0.5 h-14 w-14"
            src="https://gateway.pinata.cloud/ipfs/QmZ8ArvpTy9J4D9gMzsPgitwBm2NrGFhkQDBkEAhRFDAxp"
          />
          <div
            className="ml-3 text-sm overflow-hidden"
          >
            <p
              className="text-base font-semibold text-gray-900 dark:text-gray-100 truncate"
            >
              Andorra
            </p>
            <p
              className="mt-1 text-sm text-gray-600 dark:text-gray-300 truncate"
            >
              Here is an NFT description 4.
            </p>
          </div>
        </div>
        <div
          className="hover:bg-gray-100 dark:hover:bg-gray-800 cursor-pointer flex p-4 border-b border-gray-200 dark:border-gray-800 items-center"
          onClick={[Function]}
          tabIndex="0"
        >
          <img
            alt="Australia"
            className="flex-shrink-0 -mt-0.5 h-14 w-14"
            src="https://gateway.pinata.cloud/ipfs/QmTs4qs7gzeG1ssh1DhqB7BHMbGHoj2c5YjUVcWu2QTJeN"
          />
          <div
            className="ml-3 text-sm overflow-hidden"
          >
            <p
              className="text-base font-semibold text-gray-900 dark:text-gray-100 truncate"
            >
              Australia
            </p>
            <p
              className="mt-1 text-sm text-gray-600 dark:text-gray-300 truncate"
            >
              Here is an NFT description 5.
            </p>
          </div>
        </div>
        <div
          className="hover:bg-gray-100 dark:hover:bg-gray-800 cursor-pointer flex p-4 border-b border-gray-200 dark:border-gray-800 items-center"
          onClick={[Function]}
          tabIndex="0"
        >
          <img
            alt="Argentina"
            className="flex-shrink-0 -mt-0.5 h-14 w-14"
            src="https://gateway.pinata.cloud/ipfs/QmQWmYPT9xGgTwDS97q6JwPoBagKcGNYoaih2x8cArRPLm"
          />
          <div
            className="ml-3 text-sm overflow-hidden"
          >
            <p
              className="text-base font-semibold text-gray-900 dark:text-gray-100 truncate"
            >
              Argentina
            </p>
            <p
              className="mt-1 text-sm text-gray-600 dark:text-gray-300 truncate"
            >
              Here is an NFT description 6.
            </p>
          </div>
        </div>
      </div>
    </nav>
  </aside>
</div>
`;
