// Jest Snapshot v1, https://goo.gl/fbAQLP

exports[`matches snapshot 1`] = `
<div
  className="alert alert-danger"
  role="alert"
>
  <button
    aria-label="Close"
    className="close"
    data-dismiss="alert"
    type="button"
  >
    <span
      aria-hidden="true"
    >
      Ã—
    </span>
  </button>
</div>
`;
