// Jest Snapshot v1, https://goo.gl/fbAQLP

exports[`matches snapshot 1`] = `
<button
  className="inline-flex items-center p-1 rounded-full"
  onClick={[Function]}
  type="button"
>
  <svg
    className="h-6 w-6 text-gray-900"
    fill="currentColor"
    viewBox="0 0 20 20"
    xmlns="http://www.w3.org/2000/svg"
  >
    <path
      d="M17.293 13.293A8 8 0 016.707 2.707a8.001 8.001 0 1010.586 10.586z"
    />
  </svg>
</button>
`;
