// Jest Snapshot v1, https://goo.gl/fbAQLP

exports[`matches snapshot 1`] = `
<div
  className="p-4 sm:p-8 max-w-8xl"
>
  <button
    className="btn disabled:opacity-50 disabled:cursor-not-allowed"
    disabled={false}
    onClick={[Function]}
  >
    Install MetaMask
  </button>
</div>
`;
