// Jest Snapshot v1, https://goo.gl/fbAQLP

exports[`matches snapshot 1`] = `
Array [
  <button
    className="btn btn--large w-full"
    onClick={[Function]}
  >
    Get Location
  </button>,
  <div
    className="mt-2 text-sm text-gray-500"
  />,
]
`;
