// Jest Snapshot v1, https://goo.gl/fbAQLP

exports[`matches snapshot 1`] = `
<button
  className="btn btn--large"
  onClick={[Function]}
>
  Get Balances
</button>
`;
