// Jest Snapshot v1, https://goo.gl/fbAQLP

exports[`matches snapshot 1`] = `
Array [
  <button
    className="inline-flex items-center justify-center px-5 py-3 border border-transparent text-base font-medium rounded-md text-white bg-indigo-600 hover:bg-indigo-700 dark:bg-indigo-500 dark:hover:bg-indigo-600"
    onClick={[Function]}
  >
    Get Location
  </button>,
  <div
    className="mt-2 text-sm text-gray-500"
  />,
]
`;
