// Jest Snapshot v1, https://goo.gl/fbAQLP

exports[`matches snapshot 1`] = `
<div
  className="container"
>
  <div
    className="row justify-content-md-center"
  >
    <div
      className="col-12 text-center"
    />
    <div
      className="col-6 p-4 text-center"
    >
      <p>
        Please connect to your wallet.
      </p>
      <button
        className="btn btn-warning"
        type="button"
      >
        Connect Wallet
      </button>
    </div>
  </div>
</div>
`;
