// Jest Snapshot v1, https://goo.gl/fbAQLP

exports[`matches snapshot 1`] = `
<button
  className="btn btn-primary btn-md"
  style={
    Object {
      "backgroundColor": undefined,
    }
  }
  type="button"
>
  Button
</button>
`;
